. . . . . . 
. S S S . . 
. . . T . . 
. . . T . . 
. . . . . . 
. B B B B . 
. . . . . . 


. . . . . . 
. X S S . O 
. . . T . . 
. . . T . . 
. . . . . . 
. B B B B . 
. . . . . . 


. . . . . . 
. X S S . O 
. . . X . . 
. . . X . . 
. . . . . . 
. B B B B . 
. . . . . . 


