{
  "firstName": "jayne",
  "lastName": "cobb",
  "isMale": true,
  "age": 38
}
