1) 1,1 [2] = 2
2) 2,2 [4] = 6
3) 3,3 [6] = 12
4) 4,4 [8] = 20
5) 5,5 [13] = 33
6) 3,2 [5] = 38
7) 10  [15] = 53
8) 3,2 [5] = 58
