java.lang.RuntimeException: All [2] items have been picked, there are no more remaining.
