Selected[00] = 4
Selected[01] = 8
Selected[02] = 3
Selected[03] = 9
Selected[04] = 7
Selected[05] = 2
Selected[06] = 1
Selected[07] = 6
Selected[08] = 10
Selected[09] = 5
